Error found in player Alperen ?engün in value: efg
Error found in player Anthony Davis in value: trb
Error found in player Bismack Biyombo in value: ast
Error found in player Boban Marjanovi? in value: stl
Error found in player Brook Lopez in value: games
Error found in player Charles Bassey in value: tov
Error found in player Cheick Diallo in value: games
Error found in player Christian Wood in value: age
Error found in player Clint Capela in value: years
Error found in player Daniel Oturu in value: games
Error found in player Daniel Theis in value: games
Error found in player Frank Kaminsky in value: games
Error found in player Greg Monroe in value: games
Error found in player Isaiah Jackson in value: years
Error found in player Isaiah Stewart in value: years
Error found in player Jaime Echenique in value: games
Error found in player Javin DeLaurier in value: games
Error found in player Jay Huff in value: games
Error found in player Jon Teske in value: games
Error found in player Jordan Bell in value: games
Error found in player Luke Kornet in value: games
Error found in player Marko Simonovic in value: games
Error found in player Micah Potter in value: games
Error found in player Neemias Queta in value: games
Error found in player Norvel Pelle in value: games
Error found in player Tacko Fall in value: games
Error found in player Udoka Azubuike in value: games
Error found in player Udonis Haslem in value: games
Error found in player Vernon Carey in value: games
Error found in player Aleksej Pokusevski in value: years
Error found in player Bol Bol in value: games
Error found in player Chris Silva in value: games
Error found in player D.J. Wilson in value: games
Error found in player Day'Ron Sharpe in value: years
Error found in player Devontae Cacok in value: games
Error found in player Emanuel Terry in value: games
Error found in player Evan Mobley in value: years
Error found in player Freddie Gillespie in value: games
Error found in player Gabriel Deck in value: games
Error found in player Isaiah Todd in value: games
Error found in player Jabari Parker in value: games
Error found in player Jalen Johnson in value: years
Error found in player Jamorko Pickett in value: games
Error found in player JT Thor in value: years
Error found in player Juwan Morgan in value: games
Error found in player Malik Fitts in value: games
Error found in player Mamadi Diakite in value: games
Error found in player Markieff Morris in value: games
Error found in player Moses Wright in value: games
Error found in player Patrick Williams in value: games
Error found in player Petr Cornelie in value: games
Error found in player Reggie Perry in value: games
Error found in player Sam Dekker in value: games
Error found in player Scottie Barnes in value: years
Error found in player Sekou Doumbouya in value: games
Error found in player Usman Garuba in value: years
Error found in player Vlatko ?an?ar in value: games
Error found in player Brandon Knight in value: games
Error found in player Carlik Jones in value: games
Error found in player Cassius Winston in value: games
Error found in player Cat Barber in value: games
Error found in player Darren Collison in value: games
Error found in player Derrick Walton in value: games
Error found in player Devin Cannady in value: games
Error found in player Devon Dotson in value: games
Error found in player Emmanuel Mudiay in value: games
Error found in player Hassani Gravett in value: games
Error found in player Jalen Suggs in value: years
Error found in player JaQuori McLaughlin in value: games
Error found in player Jared Harper in value: games
Error found in player Javonte Smart in value: games
Error found in player Jaysean Paige in value: games
Error found in player Jeff Dowtin in value: games
Error found in player Killian Hayes in value: years
Error found in player Kira Lewis in value: years
Error found in player Kris Dunn in value: games
Error found in player LaMelo Ball in value: years
Error found in player Lindell Wigginton in value: games
Error found in player Malik Newman in value: games
Error found in player Markelle Fultz in value: games
Error found in player McKinley Wright in value: games
Error found in player Mychal Mulder in value: games
Error found in player Myles Powell in value: games
Error found in player Ryan Arcidiacono in value: games
Error found in player Sharife Cooper in value: games
Error found in player Théo Maledon in value: years
Error found in player Tim Frazier in value: games
Error found in player Tre Mann in value: years
Error found in player Tremont Waters in value: games
Error found in player Tyler Johnson in value: games
Error found in player Tyrell Terry in value: games
Error found in player Zavier Simpson in value: games
Error found in player Aaron Henry in value: games
Error found in player Abdel Nader in value: games
Error found in player Aleem Ford in value: games
Error found in player Alfonzo McKinnie in value: games
Error found in player Anthony Lamb in value: games
Error found in player Arnoldas Kulboka in value: games
Error found in player B.J. Johnson in value: games
Error found in player Braxton Key in value: games
Error found in player Cameron McGriff in value: games
Error found in player Cameron Oliver in value: games
Error found in player Chandler Hutchison in value: games
Error found in player Eugene Omoruyi in value: games
Error found in player Feron Hunt in value: games
Error found in player Franz Wagner in value: years
Error found in player George King in value: games
Error found in player Georgios Kalaitzakis in value: games
Error found in player Greg Brown in value: years
Error found in player Haywood Highsmith in value: games
Error found in player Isaac Bonga in value: games
Error found in player Isaiah Livers in value: games
Error found in player James Ennis in value: games
Error found in player Jaylen Hoard in value: games
Error found in player Jemerrio Jones in value: games
Error found in player Joe Harris in value: games
Error found in player Jonathan Kuminga in value: years
Error found in player Josh Giddey in value: years
Error found in player Joshua Primo in value: years
Error found in player Justin Anderson in value: games
Error found in player Justin Champagnie in value: years
Error found in player Justin Jackson in value: games
Error found in player Louis King in value: games
Error found in player Malcolm Hill in value: games
Error found in player Matt Ryan in value: games
Error found in player Michael Porter in value: games
Error found in player Paris Bass in value: games
Error found in player Paul Watson in value: games
Error found in player Robert Woodard in value: games
Error found in player Solomon Hill in value: games
Error found in player Theo Pinson in value: games
Error found in player Tre Scott in value: games
Error found in player Wes Iwundu in value: games
Error found in player Xavier Sneed in value: games
Error found in player Yves Pons in value: games
Error found in player Ziaire Williams in value: years
Error found in player Zylan Cheatham in value: games
Error found in player Ade Murkey in value: games
Error found in player Ahmad Caver in value: games
Error found in player Anthony Edwards in value: years
Error found in player Brandon Boston in value: years
Error found in player Brodric Thomas in value: games
Error found in player C.J. Miles in value: games
Error found in player Cade Cunningham in value: years
Error found in player Cam Thomas in value: years
Error found in player Carsen Edwards in value: games
Error found in player Cassius Stanley in value: games
Error found in player Chaundee Brown in value: games
Error found in player Collin Sexton in value: games
Error found in player Craig Sword in value: games
Error found in player Daishen Nix in value: years
Error found in player Dakota Mathias in value: games
Error found in player Damyean Dotson in value: games
Error found in player DaQuan Jeffries in value: games
Error found in player David Johnson in value: games
Error found in player Deividas Sirvydis in value: games
Error found in player DeJon Jarreau in value: games
Error found in player Didi Louzada in value: games
Error found in player Gabe York in value: games
Error found in player Gabriel Lundberg in value: games
Error found in player Jaden Springer in value: games
Error found in player Jahmi'us Ramsey in value: games
Error found in player Jalen Green in value: years
Error found in player Jarron Cumberland in value: games
Error found in player Jay Scrubb in value: games
Error found in player Jaylen Morris in value: games
Error found in player Joe Johnson in value: games
Error found in player Joel Ayayi in value: games
Error found in player Jordan Goodwin in value: games
Error found in player Jordan Schakel in value: games
Error found in player Josh Christopher in value: years
Error found in player Keon Johnson in value: years
Error found in player Kyle Guy in value: games
Error found in player Langston Galloway in value: games
Error found in player M.J. Walker in value: games
Error found in player Mac McClung in value: games
Error found in player Marcus Garrett in value: games
Error found in player Mason Jones in value: games
Error found in player Matt Mooney in value: games
Error found in player Melvin Frazier in value: games
Error found in player Miye Oni in value: games
Error found in player Moses Moody in value: years
Error found in player Nate Hinton in value: games
Error found in player Nik Stauskas in value: games
Error found in player PJ Dozier in value: games
Error found in player Quinndary Weatherspoon in value: games
Error found in player R.J. Hampton in value: years
Error found in player Rayjon Tucker in value: games
Error found in player RJ Nembhard in value: games
Error found in player Rob Edwards in value: games
Error found in player Sam Merrill in value: games
Error found in player Scottie Lewis in value: games
Error found in player Scotty Hopson in value: games
Error found in player Shaq Buchanan in value: games
Error found in player Shaquille Harrison in value: games
Error found in player Trayvon Palmer in value: games
Error found in player Trevelin Queen in value: games
Error found in player Tyler Hall in value: games
Error found in player Tyrone Wallace in value: games
Error found in player Victor Oladipo in value: games
Error found in player Wayne Selden in value: games
Error found in player Xavier Moon in value: games
